// Jest Snapshot v1, https://goo.gl/fbAQLP

exports[`Pruebas de <LoginPage /> debe hacer match con el snapshot 1`] = `
<div>
  <div
    class="flex justify-center items-center h-screen"
  >
    <div
      class="w-72 md:w-96 h-80 bg-white rounded-lg shadow-xl"
    >
      <div
        class="w-full h-16 rounded-t-lg text-center border-b border-gray-400 flex justify-center items-center"
      >
        <h1
          class="text-rose-700 text-3xl font-bold"
        >
          Login
        </h1>
      </div>
      <div
        aria-label="alert-error-auth"
        class="w-full h-11 bg-red-200 border border-red-600 text-red-600 flex justify-center items-center hidden"
      >
        <h4>
          The email and/or password are wrong
        </h4>
      </div>
      <form>
        <div
          class="flex flex-col justify-center items-center gap-5 px-8 pt-10 pb-4"
        >
          <input
            aria-label="email"
            class="w-full h-12 px-5 border rounded-md border-gray-400 placeholder:text-gray-400"
            name="email"
            placeholder="Email"
            type="email"
            value=""
          />
          <input
            aria-label="input-password"
            class="w-full h-12 px-5 border rounded-md border-gray-400 placeholder:text-gray-400"
            name="password"
            placeholder="Password"
            type="password"
            value=""
          />
        </div>
        <div
          class="flex justify-end items-center gap-3 p-8"
        >
          <button
            class="bg-rose-700 hover:bg-rose-800 text-white font-bold rounded-md px-10 py-2 scale-100 hover:scale-105 transition duration-200"
          >
            Ok
          </button>
        </div>
      </form>
    </div>
  </div>
</div>
`;
